player.h:203:15: error: 'CHAR_DATA' was not declared in this scope; did you mean 'CMSG_DATA'?
player.h:203:15: error: 'CHAR_DATA' was not declared in this scope; did you mean 'CHAR_MAX'?
player.h:203:15: error: 'CHAR_DATA' was not declared in this scope; did you mean 'CMSG_DATA'?
player.h:203:15: error: 'CHAR_DATA' was not declared in this scope; did you mean 'CMSG_DATA'?
player.h:203:15: error: 'CHAR_DATA' was not declared in this scope; did you mean 'CMSG_DATA'?
player.h:203:15: error: 'CHAR_DATA' was not declared in this scope; did you mean 'CMSG_DATA'?
player.h:203:15: error: 'CHAR_DATA' was not declared in this scope; did you mean 'CMSG_DATA'?
sing.h:45:25: error: 'CHAR_DATA' was not declared in this scope; did you mean 'CMSG_DATA'?
ki.h:45:13: error: 'CHAR_DATA' was not declared in this scope; did you mean 'CHAR_MAX'?
ki.h:46:14: error: 'CHAR_DATA' was not declared in this scope; did you mean 'CHAR_MAX'?
ki.h:47:16: error: 'CHAR_DATA' was not declared in this scope; did you mean 'CHAR_MAX'?
magic.h:21:19: error: 'CHAR_DATA' was not declared in this scope; did you mean 'CMSG_DATA'?
magic.h:22:16: error: 'CHAR_DATA' was not declared in this scope; did you mean 'CMSG_DATA'?
player.h:203:15: error: 'CHAR_DATA' was not declared in this scope; did you mean 'CHAR_MAX'?
player.h:203:15: error: 'CHAR_DATA' was not declared in this scope; did you mean 'CHAR_MAX'?
